SQL> SELECT * FROM EMP;

     EMPNO ENAME      JOB              MGR HIREDATE         SAL       COMM      
---------- ---------- --------- ---------- --------- ---------- ----------      
    DEPTNO                                                                      
----------                                                                      
      7369 SMITH      CLERK           7902 17-DEC-80        800                 
        20                                                                      
                                                                                
      7499 ALLEN      SALESMAN        7698 20-FEB-81       1600        300      
        30                                                                      
                                                                                
      7521 WARD       SALESMAN        7698 22-FEB-81       1250        500      
        30                                                                      
                                                                                

     EMPNO ENAME      JOB              MGR HIREDATE         SAL       COMM      
---------- ---------- --------- ---------- --------- ---------- ----------      
    DEPTNO                                                                      
----------                                                                      
      7566 JONES      MANAGER         7839 02-APR-81       2975                 
        20                                                                      
                                                                                
      7654 MARTIN     SALESMAN        7698 28-SEP-81       1250       1400      
        30                                                                      
                                                                                
      7698 BLAKE      MANAGER         7839 01-MAY-81       2850                 
        30                                                                      
                                                                                

     EMPNO ENAME      JOB              MGR HIREDATE         SAL       COMM      
---------- ---------- --------- ---------- --------- ---------- ----------      
    DEPTNO                                                                      
----------                                                                      
      7782 CLARK      MANAGER         7839 09-JUN-81       2450                 
        10                                                                      
                                                                                
      7788 SCOTT      ANALYST         7566 19-APR-87       3000                 
        20                                                                      
                                                                                
      7839 KING       PRESIDENT            17-NOV-81       5000                 
        10                                                                      
                                                                                

     EMPNO ENAME      JOB              MGR HIREDATE         SAL       COMM      
---------- ---------- --------- ---------- --------- ---------- ----------      
    DEPTNO                                                                      
----------                                                                      
      7844 TURNER     SALESMAN        7698 08-SEP-81       1500          0      
        30                                                                      
                                                                                
      7876 ADAMS      CLERK           7788 23-MAY-87       1100                 
        20                                                                      
                                                                                
      7900 JAMES      CLERK           7698 03-DEC-81        950                 
        30                                                                      
                                                                                

     EMPNO ENAME      JOB              MGR HIREDATE         SAL       COMM      
---------- ---------- --------- ---------- --------- ---------- ----------      
    DEPTNO                                                                      
----------                                                                      
      7902 FORD       ANALYST         7566 03-DEC-81       3000                 
        20                                                                      
                                                                                
      7934 MILLER     CLERK           7782 23-JAN-82       1300                 
        10                                                                      
                                                                                

14 rows selected.

SQL> SET PAGESIZE 200;
SQL> SET LINESIZE 80;
SQL> SELECT * FROM EMP;

     EMPNO ENAME      JOB              MGR HIREDATE         SAL       COMM      
---------- ---------- --------- ---------- --------- ---------- ----------      
    DEPTNO                                                                      
----------                                                                      
      7369 SMITH      CLERK           7902 17-DEC-80        800                 
        20                                                                      
                                                                                
      7499 ALLEN      SALESMAN        7698 20-FEB-81       1600        300      
        30                                                                      
                                                                                
      7521 WARD       SALESMAN        7698 22-FEB-81       1250        500      
        30                                                                      
                                                                                
      7566 JONES      MANAGER         7839 02-APR-81       2975                 
        20                                                                      
                                                                                
      7654 MARTIN     SALESMAN        7698 28-SEP-81       1250       1400      
        30                                                                      
                                                                                
      7698 BLAKE      MANAGER         7839 01-MAY-81       2850                 
        30                                                                      
                                                                                
      7782 CLARK      MANAGER         7839 09-JUN-81       2450                 
        10                                                                      
                                                                                
      7788 SCOTT      ANALYST         7566 19-APR-87       3000                 
        20                                                                      
                                                                                
      7839 KING       PRESIDENT            17-NOV-81       5000                 
        10                                                                      
                                                                                
      7844 TURNER     SALESMAN        7698 08-SEP-81       1500          0      
        30                                                                      
                                                                                
      7876 ADAMS      CLERK           7788 23-MAY-87       1100                 
        20                                                                      
                                                                                
      7900 JAMES      CLERK           7698 03-DEC-81        950                 
        30                                                                      
                                                                                
      7902 FORD       ANALYST         7566 03-DEC-81       3000                 
        20                                                                      
                                                                                
      7934 MILLER     CLERK           7782 23-JAN-82       1300                 
        10                                                                      
                                                                                

14 rows selected.

SQL> SL SCR
SP2-0042: unknown command "SL SCR" - rest of line ignored.
SQL> SC SCR;
SP2-0042: unknown command "SC SCR" - rest of line ignored.
SQL> CL SCR;
SQL> SELECT SAL+500
  2  FROM EMP;

   SAL+500                                                                      
----------                                                                      
      1300                                                                      
      2100                                                                      
      1750                                                                      
      3475                                                                      
      1750                                                                      
      3350                                                                      
      2950                                                                      
      3500                                                                      
      5500                                                                      
      2000                                                                      
      1600                                                                      
      1450                                                                      
      3500                                                                      
      1800                                                                      

14 rows selected.

SQL> SELCET SAL*12
SP2-0734: unknown command beginning "SELCET SAL..." - rest of line ignored.
SQL> SELECT ENAME,SAL*12
  2  FROM EMP;

ENAME          SAL*12                                                           
---------- ----------                                                           
SMITH            9600                                                           
ALLEN           19200                                                           
WARD            15000                                                           
JONES           35700                                                           
MARTIN          15000                                                           
BLAKE           34200                                                           
CLARK           29400                                                           
SCOTT           36000                                                           
KING            60000                                                           
TURNER          18000                                                           
ADAMS           13200                                                           
JAMES           11400                                                           
FORD            36000                                                           
MILLER          15600                                                           

14 rows selected.

SQL> SELECT SAL/6
  2  WHERE JOB="ANALYST"
  3  FROM EMP;
WHERE JOB="ANALYST"
*
ERROR at line 2:
ORA-00923: FROM keyword not found where expected 


SQL> 
SQL> SELECT SAL/6 FROM EMP
  2  WHERE JOB="ANALYST";
WHERE JOB="ANALYST"
          *
ERROR at line 2:
ORA-00904: "ANALYST": invalid identifier 


SQL> SELECT * FROM EMP;

     EMPNO ENAME      JOB              MGR HIREDATE         SAL       COMM      
---------- ---------- --------- ---------- --------- ---------- ----------      
    DEPTNO                                                                      
----------                                                                      
      7369 SMITH      CLERK           7902 17-DEC-80        800                 
        20                                                                      
                                                                                
      7499 ALLEN      SALESMAN        7698 20-FEB-81       1600        300      
        30                                                                      
                                                                                
      7521 WARD       SALESMAN        7698 22-FEB-81       1250        500      
        30                                                                      
                                                                                
      7566 JONES      MANAGER         7839 02-APR-81       2975                 
        20                                                                      
                                                                                
      7654 MARTIN     SALESMAN        7698 28-SEP-81       1250       1400      
        30                                                                      
                                                                                
      7698 BLAKE      MANAGER         7839 01-MAY-81       2850                 
        30                                                                      
                                                                                
      7782 CLARK      MANAGER         7839 09-JUN-81       2450                 
        10                                                                      
                                                                                
      7788 SCOTT      ANALYST         7566 19-APR-87       3000                 
        20                                                                      
                                                                                
      7839 KING       PRESIDENT            17-NOV-81       5000                 
        10                                                                      
                                                                                
      7844 TURNER     SALESMAN        7698 08-SEP-81       1500          0      
        30                                                                      
                                                                                
      7876 ADAMS      CLERK           7788 23-MAY-87       1100                 
        20                                                                      
                                                                                
      7900 JAMES      CLERK           7698 03-DEC-81        950                 
        30                                                                      
                                                                                
      7902 FORD       ANALYST         7566 03-DEC-81       3000                 
        20                                                                      
                                                                                
      7934 MILLER     CLERK           7782 23-JAN-82       1300                 
        10                                                                      
                                                                                

14 rows selected.

SQL> 
SQL> SELECT SAL/6 FROM EMP
  2  WHERE JOB=" ANALYST ";
WHERE JOB=" ANALYST "
          *
ERROR at line 2:
ORA-00904: " ANALYST ": invalid identifier 


SQL> 
SQL> SELECT SAL/6 FROM EMP
  2  WHERE JOB = "ANALYST";
WHERE JOB = "ANALYST"
            *
ERROR at line 2:
ORA-00904: "ANALYST": invalid identifier 


SQL> SELECT COMM*6,SAL+(SAL*30)
  2  FROM EMP;

    COMM*6 SAL+(SAL*30)                                                         
---------- ------------                                                         
                  24800                                                         
      1800        49600                                                         
      3000        38750                                                         
                  92225                                                         
      8400        38750                                                         
                  88350                                                         
                  75950                                                         
                  93000                                                         
                 155000                                                         
         0        46500                                                         
                  34100                                                         
                  29450                                                         
                  93000                                                         
                  40300                                                         

14 rows selected.

SQL> SELECT * FROM EMP
  2  WHERE SAL>2000;

     EMPNO ENAME      JOB              MGR HIREDATE         SAL       COMM      
---------- ---------- --------- ---------- --------- ---------- ----------      
    DEPTNO                                                                      
----------                                                                      
      7566 JONES      MANAGER         7839 02-APR-81       2975                 
        20                                                                      
                                                                                
      7698 BLAKE      MANAGER         7839 01-MAY-81       2850                 
        30                                                                      
                                                                                
      7782 CLARK      MANAGER         7839 09-JUN-81       2450                 
        10                                                                      
                                                                                
      7788 SCOTT      ANALYST         7566 19-APR-87       3000                 
        20                                                                      
                                                                                
      7839 KING       PRESIDENT            17-NOV-81       5000                 
        10                                                                      
                                                                                
      7902 FORD       ANALYST         7566 03-DEC-81       3000                 
        20                                                                      
                                                                                

6 rows selected.

SQL> SELECT* FROM EMP
  2  WHERE ENAME='SMITH' AND DEPTNO=20;

     EMPNO ENAME      JOB              MGR HIREDATE         SAL       COMM      
---------- ---------- --------- ---------- --------- ---------- ----------      
    DEPTNO                                                                      
----------                                                                      
      7369 SMITH      CLERK           7902 17-DEC-80        800                 
        20                                                                      
                                                                                

SQL> SELECT* FROM EMP
  2  WHERE JOB='ANALYST';

     EMPNO ENAME      JOB              MGR HIREDATE         SAL       COMM      
---------- ---------- --------- ---------- --------- ---------- ----------      
    DEPTNO                                                                      
----------                                                                      
      7788 SCOTT      ANALYST         7566 19-APR-87       3000                 
        20                                                                      
                                                                                
      7902 FORD       ANALYST         7566 03-DEC-81       3000                 
        20                                                                      
                                                                                

SQL> SELECT CNAME FROM CUSTOMER
  2  WHERE AGE>40 AND PRODUCTCOST>500;
SELECT CNAME FROM CUSTOMER
                  *
ERROR at line 1:
ORA-00942: table or view does not exist 


SQL> SELECT* FROM CUSTOMER;
SELECT* FROM CUSTOMER
             *
ERROR at line 1:
ORA-00942: table or view does not exist 


SQL> SELECT * FROM EMP
  2  WHERE DEPTNO=10 OR JOB='CLERK';

     EMPNO ENAME      JOB              MGR HIREDATE         SAL       COMM      
---------- ---------- --------- ---------- --------- ---------- ----------      
    DEPTNO                                                                      
----------                                                                      
      7369 SMITH      CLERK           7902 17-DEC-80        800                 
        20                                                                      
                                                                                
      7782 CLARK      MANAGER         7839 09-JUN-81       2450                 
        10                                                                      
                                                                                
      7839 KING       PRESIDENT            17-NOV-81       5000                 
        10                                                                      
                                                                                
      7876 ADAMS      CLERK           7788 23-MAY-87       1100                 
        20                                                                      
                                                                                
      7900 JAMES      CLERK           7698 03-DEC-81        950                 
        30                                                                      
                                                                                
      7934 MILLER     CLERK           7782 23-JAN-82       1300                 
        10                                                                      
                                                                                

6 rows selected.

SQL> SELECT* FROM EMP
  2  WHERE SAL LIKE SAL%2;
WHERE SAL LIKE SAL%2
                  *
ERROR at line 2:
ORA-00911: invalid character 


SQL> SELECT *FROM EMP
  2  WHERE SAL LIKE SAL/2;

no rows selected

SQL> SELECT EID,ENAME,JOB FROM EMP
  2  WHERE ENAME IN ('A','E','I','O','U');
SELECT EID,ENAME,JOB FROM EMP
       *
ERROR at line 1:
ORA-00904: "EID": invalid identifier 


SQL>  SELECT EMPNO,JOB,ENAME FRON EMP
  2   WHERE ENAME IN ('A','E','I','O','U');
 SELECT EMPNO,JOB,ENAME FRON EMP
                             *
ERROR at line 1:
ORA-00923: FROM keyword not found where expected 


SQL> SPOOL OFF
